C51 COMPILER V9.60.0.0   MAIN                                                              02/16/2020 21:12:40 PAGE 1   


C51 COMPILER V9.60.0.0, COMPILATION OF MODULE MAIN
OBJECT MODULE PLACED IN .\main.OBJ
COMPILER INVOKED BY: Z:\home\vyldram\SimplicityStudio_v4\developer\toolchains\keil_8051\9.60\BIN\C51.exe /home/vyldram/G
                    -it/C8051F340/C8051F340_UART/main.c OMF2 SMALL DEBUG OBJECTEXTEND ROM(LARGE) WARNINGLEVEL(2) FLOATFUZZY(3) OPTIMIZE(8,SPE
                    -ED) INTVECTOR(0X0000) INTPROMOTE INCDIR(/home/vyldram/SimplicityStudio_v4/developer/toolchains/keil_8051/9.60/INC/SiLABS
                    -/shared/si8051Base;/home/vyldram/Git/C8051F340/C8051F340_UART) PRINT(.\main.lst) COND PAGEWIDTH(120) PAGELENGTH(65) OBJE
                    -CT(.\main.OBJ)

line level    source

   1          /*
   2           * main.c
   3           *
   4           *  Created on: 13/01/2020
   5           *      Author: vyldram
   6           */
   7          
   8          #include <SiLABS\c8051F340.h>
   9          #include <SiLABS\shared\si8051Base\compiler_defs.h>
  10          #include <SiLABS\shared\si8051Base\si_toolchain.h>
  11          #include <INTRINS.H>
  12          
  13          #include <Oscillator.h>
  14          #include <GPIO.h>
  15          #include <ADC0.h>
  16          #include <EXTI.h>
  17          #include <UART.h>
  18          #include <EMIF.h>
*** WARNING C318 IN LINE 18 OF /home/vyldram/Git/C8051F340/C8051F340_UART/main.c: can't open file 'EMIF.h'
  19          
  20          INTERRUPT_PROTO(TIMER0_ISR, INTERRUPT_TIMER0);
  21          
  22          void TIMER0_vInit(void);
  23          
  24          unsigned char Timer0_Count=0;
  25          unsigned char Timer0_OF=0;
  26          unsigned char Timer0Refresh=1;
  27          unsigned short display[4]={0,0,0,0};
  28          
  29          void main (void)
  30          {
  31   1              unsigned short ADCnumber=0; //variable que sirve para obtenel el nibble apropiado
  32   1              unsigned short mean=0;
  33   1              unsigned short value=0;
  34   1              unsigned char cont=0;
  35   1      
  36   1              PCA0MD &= ~0x40;                // WDTE = 0 (clear watchdog timer enable)
  37   1              PFE0CN |=0x20;                  //Enable Pre-fetch
  38   1              FLSCL|=0x10;                    //increase wait state
  39   1      
  40   1      
  41   1              Oscillator_vInit(Oscillator_enSYSCLKSourceMult4);// Initialize Oscillator
  42   1              UART0_enInit(9600);
  43   1              //GPIO_vInit(); // Initialize Port I/O
  44   1              ADC0_vInit();
  45   1              TIMER0_vInit();
  46   1      
  47   1              EA=1;
  48   1              while (1)
  49   1              {
  50   2                      ADCnumber=ADC0_u16Sample();
  51   2                      mean+=ADCnumber;
C51 COMPILER V9.60.0.0   MAIN                                                              02/16/2020 21:12:40 PAGE 2   

  52   2                      if(cont >=32)
  53   2                      {
  54   3                              mean/=32;
  55   3                              value=mean;
  56   3                              display[0]=mean%10;
  57   3                              mean/=10;
  58   3                              display[1]=mean%10;
  59   3                              mean/=10;
  60   3                              display[2]=mean%10;
  61   3                              mean/=10;
  62   3                              display[3]=mean%10;
  63   3                              mean=0;
  64   3                              cont=0;
  65   3                              if ((unsigned short)value < 0x200)                    // If switch depressed
  66   3                              {
  67   4                                      UART0_u16Print((unsigned char*)"LED ON  ");
  68   4                              }
  69   3                              else
  70   3                              {
  71   4                                      UART0_u16Print((unsigned char*)"LED OFF ");
  72   4                              }
  73   3      
  74   3                              UART0_vSend(0x30+display[3]);
  75   3                              UART0_vSend(0x30+display[2]);
  76   3                              UART0_vSend(0x30+display[1]);
  77   3                              UART0_vSend(0x30+display[0]);
  78   3                              UART0_u16Print((unsigned char*)"\n\r");
  79   3                      }
  80   2                      cont++;
  81   2              }                                   // end of while(1)
  82   1      }
  83          
  84          
  85          
  86          void TIMER0_vInit()
  87          {
  88   1              CKCON&=~0x3;
  89   1              CKCON|=2;       //sysclk/48= 1MHz
  90   1              CKCON&=~0x4; //clk = sysclk/div
  91   1      
  92   1              TMOD&=~0x3;
  93   1              TMOD|=2; //TIM0 autoreload
  94   1              TMOD&=~0x4; //TIM0 timer function
  95   1              TMOD&=~0x8; //timer active without external pin
  96   1              TH0=255-100; //100 count, 1M/100 = 10KHz= 100us , 0.1ms
  97   1              TL0=255-100;
  98   1              TCON&=~0x20; //clear TIM0 Overflow flag
  99   1              ET0=1; //enable TIM0 interrupt
 100   1              TCON|=0x10; //enable TIM0
 101   1      }
 102          
 103          
 104          
 105          INTERRUPT(TIMER0_ISR, INTERRUPT_TIMER0)
 106          {
 107   1              Timer0_Count++;
 108   1              Timer0_Count&=0x3;
 109   1      }


MODULE INFORMATION:   STATIC OVERLAYABLE
   CODE SIZE        =    313    ----
   CONSTANT SIZE    =     21    ----
C51 COMPILER V9.60.0.0   MAIN                                                              02/16/2020 21:12:40 PAGE 3   

   XDATA SIZE       =   ----    ----
   PDATA SIZE       =   ----    ----
   DATA SIZE        =     11       7
   IDATA SIZE       =   ----    ----
   BIT SIZE         =   ----    ----
   EDATA SIZE       =   ----    ----
   HDATA SIZE       =   ----    ----
   XDATA CONST SIZE =   ----    ----
   FAR CONST SIZE   =   ----    ----
END OF MODULE INFORMATION.


C51 COMPILATION COMPLETE.  1 WARNING(S),  0 ERROR(S)
