C51 COMPILER V9.60.0.0   OSCILLATOR                                                        02/12/2020 22:51:20 PAGE 1   


C51 COMPILER V9.60.0.0, COMPILATION OF MODULE OSCILLATOR
OBJECT MODULE PLACED IN .\Oscillator.OBJ
COMPILER INVOKED BY: Z:\home\vyldram\SimplicityStudio_v4\developer\toolchains\keil_8051\9.60\BIN\C51.exe /home/vyldram/G
                    -it/C8051F340/C8051F340_UART/Oscillator.c OMF2 SMALL DEBUG OBJECTEXTEND ROM(LARGE) WARNINGLEVEL(2) FLOATFUZZY(3) OPTIMIZE
                    -(8,SPEED) INTVECTOR(0X0000) INTPROMOTE INCDIR(/home/vyldram/SimplicityStudio_v4/developer/toolchains/keil_8051/9.60/INC/
                    -SiLABS/shared/si8051Base;/home/vyldram/Git/C8051F340/C8051F340_UART) PRINT(.\Oscillator.lst) COND PAGEWIDTH(120) PAGELEN
                    -GTH(65) OBJECT(.\Oscillator.OBJ)

line level    source

   1          /*
   2           * Oscillator.c
   3           *
   4           *  Created on: 21/01/2020
   5           *      Author: vyldram
   6           */
   7          
   8          #include "Oscillator.h"
   9          
  10          
  11          void Oscillator_vInit (Oscillator_nSYSCLKSource nSource)
  12          {
  13   1      
  14   1              switch(nSource)
  15   1              {
  16   2              case Oscillator_enSYSCLKSourceIOSC: //12MHz
  17   2                      Oscillator_vHighFrecInit(Oscillator_enDiv1);
  18   2                      break;
  19   2              case Oscillator_enSYSCLKSourceMult2: //24MHz
  20   2              case Oscillator_enSYSCLKSourceMult4: //48MHz
  21   2                      Oscillator_vMultiplierFrecInit(Oscillator_enMultSourceIOSC);
  22   2                      break;
  23   2              case Oscillator_enSYSCLKSourceLF:  //120KHz
  24   2                      Oscillator_vLowFrecInit(Oscillator_enDiv1);
  25   2                      break;
  26   2              case Oscillator_enSYSCLKSourceEOSC:
  27   2              default:
  28   2                      return;//External Oscillator Init
  29   2      
  30   2              }
  31   1      
  32   1              CLKSEL&=~0x7;                                           //set SYSCLK source
  33   1              CLKSEL|=(unsigned char)nSource;
  34   1      }
  35          
  36          void Oscillator_vMultiplierFrecInit (Oscillator_nMultSource nSource)
  37          {
  38   1              unsigned short i=0;
  39   1              /* Enable 4x multiplier and select it as SYSCLK     */
  40   1      
  41   1              CLKMUL =0;                                                      //Disable Multiplier functionality
  42   1              CLKMUL |=((unsigned char)nSource);      //multiplier source Internal OSC
  43   1              CLKMUL |= 0x80;                                         //Enable Multiplier
  44   1              for (i=0; i<50000; i++);                        //Delay needed after enable Multiplier
  45   1              CLKMUL|=0xC0;                                           //Initialize Clock Multiplier
  46   1              while((CLKMUL & 0x20) == 0);            //Wait until Multiplier Ready
  47   1      }
  48          
  49          void Oscillator_vLowFrecInit (Oscillator_nDiv nDiv)
  50          {
  51   1              /* Enable Low Frequency Oscillator     */
  52   1      
C51 COMPILER V9.60.0.0   OSCILLATOR                                                        02/12/2020 22:51:20 PAGE 2   

  53   1              OSCLCN =0;                                                      //Disable Low frequency Oscillator functionality
  54   1              OSCLCN|=(unsigned char)nDiv;                                            ///divider 1
  55   1      
  56   1              OSCLCN |= 0x80;                                         //Enable Low Freq Oscillator
  57   1              while((OSCLCN & 0x40) == 0);            //Wait until Low Frequency Oscillator Ready
  58   1      }
  59          
  60          
  61          void Oscillator_vHighFrecInit (Oscillator_nDiv nDiv)
  62          {
  63   1              /* Enable High Frequency Oscillator     */
  64   1              OSCICN|=(unsigned char)nDiv;                            ///divider 1
  65   1      }


MODULE INFORMATION:   STATIC OVERLAYABLE
   CODE SIZE        =    111    ----
   CONSTANT SIZE    =   ----    ----
   XDATA SIZE       =   ----    ----
   PDATA SIZE       =   ----    ----
   DATA SIZE        =   ----       1
   IDATA SIZE       =   ----    ----
   BIT SIZE         =   ----    ----
   EDATA SIZE       =   ----    ----
   HDATA SIZE       =   ----    ----
   XDATA CONST SIZE =   ----    ----
   FAR CONST SIZE   =   ----    ----
END OF MODULE INFORMATION.


C51 COMPILATION COMPLETE.  0 WARNING(S),  0 ERROR(S)
